// Jest Snapshot v1, https://goo.gl/fbAQLP

exports[`Button has valid snap. 1`] = `
<button
  className=""
  onClick={[Function]}
  type="button"
>
  test_string
</button>
`;
